../Core/Src/main.c:148:1:HAL_GPIO_EXTI_Callback	16	static
../Core/Src/main.c:157:5:pushFIFO_Float	16	static
../Core/Src/main.c:168:5:pushFIFO_Vector	24	static
../Core/Src/main.c:179:5:popFIFO_Float	16	static
../Core/Src/main.c:189:5:popFIFO_Vector	16	static
../Core/Src/main.c:199:6:transmitEntireFIFO_Float	24	static
../Core/Src/main.c:207:6:transmitEntireFIFO_Vector	64	static
../Core/Src/main.c:233:5:_write	24	static
../Core/Src/main.c:239:6:transmitRandomBuffer	16	static
../Core/Src/main.c:272:6:transmitFullBuffers	16	static
../Core/Src/main.c:340:7:getRandomDelay	16	static
../Core/Src/main.c:298:5:main	184	static
../Core/Src/main.c:346:9:getRandomErrorFactor	16	static
../Core/Src/main.c:527:6:SystemClock_Config	96	static
../Core/Src/main.c:588:13:MX_DFSDM1_Init	8	static
../Core/Src/main.c:626:13:MX_I2C2_Init	8	static
../Core/Src/main.c:674:13:MX_QUADSPI_Init	8	static
../Core/Src/main.c:707:13:MX_SPI3_Init	8	static
../Core/Src/main.c:747:13:MX_USART1_UART_Init	8	static
../Core/Src/main.c:782:13:MX_USART3_UART_Init	8	static
../Core/Src/main.c:817:13:MX_USB_OTG_FS_PCD_Init	8	static
../Core/Src/main.c:852:13:MX_GPIO_Init	48	static
../Core/Src/main.c:1042:6:HandleCriticalEvent	16	static
../Core/Src/main.c:1067:6:Error_Handler	4	static,ignoring_inline_asm
