../Core/Src/main.c:184:1:HAL_GPIO_EXTI_Callback	16	static
../Core/Src/main.c:194:5:pushFIFO_Float	24	static
../Core/Src/main.c:208:5:popFIFO_Float	24	static
../Core/Src/main.c:222:5:pushFIFO_Vector	32	static
../Core/Src/main.c:235:5:popFIFO_Vector	24	static
../Core/Src/main.c:247:6:transmitEntireFIFO_Float	40	static
../Core/Src/main.c:256:6:transmitEntireFIFO_Vector	80	static
../Core/Src/main.c:285:5:_write	24	static
../Core/Src/main.c:291:6:toggleTransmissionMode	8	static
../Core/Src/main.c:309:6:transmitRandomBuffer	16	static
../Core/Src/main.c:342:7:getFIFO_timeToFillFloat	24	static
../Core/Src/main.c:357:7:getFIFO_timeToFillVector	24	static
../Core/Src/main.c:368:6:transmitFullBuffers	16	static
../Core/Src/main.c:389:7:getMostFilledBuffer	40	static
../Core/Src/main.c:434:6:transmitpredictiveBuffers	16	static
../Core/Src/main.c:526:7:getRandomDelay	16	static
../Core/Src/main.c:454:5:main	328	static
../Core/Src/main.c:532:9:getRandomErrorFactor	16	static
../Core/Src/main.c:766:6:SystemClock_Config	96	static
../Core/Src/main.c:827:13:MX_DFSDM1_Init	8	static
../Core/Src/main.c:865:13:MX_I2C2_Init	8	static
../Core/Src/main.c:913:13:MX_QUADSPI_Init	8	static
../Core/Src/main.c:946:13:MX_SPI3_Init	8	static
../Core/Src/main.c:986:13:MX_USART1_UART_Init	8	static
../Core/Src/main.c:1021:13:MX_USART3_UART_Init	8	static
../Core/Src/main.c:1056:13:MX_USB_OTG_FS_PCD_Init	8	static
../Core/Src/main.c:1091:13:MX_GPIO_Init	48	static
../Core/Src/main.c:1281:6:HandleCriticalEvent	32	static
../Core/Src/main.c:1324:6:Error_Handler	4	static,ignoring_inline_asm
